C:\Code\ClipboardMonitor\Program.cs(60,28): warning CS8600: Converting null literal or possible null value to non-nullabl
e type. [C:\Code\ClipboardMonitor\ClipboardMonitor.csproj]
